// Jest Snapshot v1, https://goo.gl/fbAQLP

exports[`AppDetails Component renders the UI as expected 1`] = `
Array [
  <div
    className="appdetails_container"
  >
    <h2
      className="appdetails_header"
    />
    <div
      className="appdetails_small_container"
    >
      <p
        className="appdetails"
      >
        <strong>
          Company:
        </strong>
         
      </p>
      <p
        className="appdetails"
      >
        <strong>
          Website:
        </strong>
         
      </p>
      <p
        className="appdetails"
      >
        <strong>
          Date Applied:
        </strong>
         
      </p>
      <p
        className="appdetails"
      >
        <strong>
          Contact:
        </strong>
         
      </p>
      <p
        className="appdetails"
      >
        <strong>
          Contact Email:
        </strong>
         
      </p>
      <p
        className="appdetails"
      >
        <strong>
          Contact Phone:
        </strong>
         
      </p>
      <p
        className="appdetails"
      >
        <strong>
          Interview Date:
        </strong>
         
      </p>
      <p
        className="appdetails"
      >
        <strong>
          Status:
        </strong>
         
      </p>
      <p
        className="appdetails"
      >
        <strong>
          Additional Notes:
        </strong>
         
      </p>
    </div>
  </div>,
  <div
    className="appdetails_buttons"
  >
    <a
      aria-current={null}
      className="appdetail_button"
      href="/jobapps"
      onClick={[Function]}
    >
      <div
        className="recbutton_content"
      >
        <button
          className="recbutton"
        >
          Back
        </button>
      </div>
    </a>
    <a
      aria-current={null}
      className="appdetail_button"
      href="/edit/2"
      onClick={[Function]}
    >
      <div
        className="recbutton_content"
      >
        <button
          className="recbutton"
        >
          Edit
        </button>
      </div>
    </a>
    <a
      aria-current={null}
      className="appdetail_button"
      href="/jobapps"
      onClick={[Function]}
    >
      <div
        className="recbutton_content"
      >
        <button
          className="recbutton"
          onClick={[Function]}
          type="button"
        >
          Delete
        </button>
      </div>
    </a>
  </div>,
]
`;
