// Jest Snapshot v1, https://goo.gl/fbAQLP

exports[`AppForm Component renders the UI as expected 1`] = `
<div
  className="appform_container"
>
  <h2
    className="appform_header"
  >
    New Job Application
  </h2>
  <form
    className="appform_form"
    onSubmit={[Function]}
  >
    <p>
      * Required
    </p>
    <section
      className="appform_input"
    >
      *
      <input
        aria-label="job title"
        className="input"
        defaultValue={null}
        name="job"
        onChange={[Function]}
        placeholder="Job Title"
        required={true}
        type="text"
      />
      
    </section>
    <section
      className="appform_input"
    >
      *
      <input
        aria-label="company name"
        className="input"
        defaultValue={null}
        name="company"
        onChange={[Function]}
        placeholder="Company Name"
        required={true}
        type="text"
      />
      
    </section>
    <section
      className="appform_input"
    >
      <input
        aria-label="website url"
        className="input"
        defaultValue={null}
        name="website"
        onChange={[Function]}
        placeholder="Website"
        type="url"
      />
      
    </section>
    <section
      className="appform_input"
    >
      <input
        aria-label="date applied ="
        className="input"
        defaultValue={null}
        name="date-applied"
        onChange={[Function]}
        placeholder="Date Applied mm/dd/yyyy"
        type="text"
      />
      
    </section>
    <section
      className="appform_input"
    >
      <input
        aria-label="contact name"
        className="input"
        defaultValue={null}
        name="contact"
        onChange={[Function]}
        placeholder="Contact Name"
        type="text"
      />
      
    </section>
    <section
      className="appform_input"
    >
      <input
        aria-label="contact email"
        className="input"
        defaultValue={null}
        name="contact_email"
        onChange={[Function]}
        placeholder="Contact Email"
        type="text"
      />
      
    </section>
    <section
      className="appform_input"
    >
      <input
        aria-label="contact phone"
        className="input"
        defaultValue={null}
        name="contact_phone"
        onChange={[Function]}
        placeholder="Contact Phone (xxx)xxx-xxxx"
        type="text"
      />
      
    </section>
    <section
      className="appform_input"
    >
      <input
        aria-label="interview date"
        className="input"
        defaultValue={null}
        name="interview_date"
        onChange={[Function]}
        placeholder="Interview Date mm/dd/yyyy"
        type="text"
      />
      
    </section>
    <section
      className="appform_input"
    >
      <label
        htmlFor="status"
      >
        * Status: 
      </label>
      <select
        defaultValue={null}
        onChange={[Function]}
        required={true}
      >
        <option
          name="status"
          value=""
        >
          Choose here
        </option>
        <option
          name="status"
          value="Interested"
        >
          Interested
        </option>
        <option
          name="status"
          value="Applied"
        >
          Applied
        </option>
        <option
          name="status"
          value="Closed"
        >
          Closed
        </option>
      </select>
    </section>
    <section
      className="appform_input appform_textarea"
    >
      <textarea
        aria-label="additional notes"
        className="textarea"
        defaultValue={null}
        name="notes"
        onChange={[Function]}
        placeholder="Additional Notes..."
      />
      
    </section>
    <div
      className="squarebutton_content"
    >
      <button
        className="squarebutton"
        type="submit"
      >
        <svg
          aria-hidden="true"
          className="svg-inline--fa fa-save fa-w-14 "
          data-icon="save"
          data-prefix="fas"
          focusable="false"
          role="img"
          style={Object {}}
          viewBox="0 0 448 512"
          xmlns="http://www.w3.org/2000/svg"
        >
          <path
            d="M433.941 129.941l-83.882-83.882A48 48 0 0 0 316.118 32H48C21.49 32 0 53.49 0 80v352c0 26.51 21.49 48 48 48h352c26.51 0 48-21.49 48-48V163.882a48 48 0 0 0-14.059-33.941zM224 416c-35.346 0-64-28.654-64-64 0-35.346 28.654-64 64-64s64 28.654 64 64c0 35.346-28.654 64-64 64zm96-304.52V212c0 6.627-5.373 12-12 12H76c-6.627 0-12-5.373-12-12V108c0-6.627 5.373-12 12-12h228.52c3.183 0 6.235 1.264 8.485 3.515l3.48 3.48A11.996 11.996 0 0 1 320 111.48z"
            fill="currentColor"
            style={Object {}}
          />
        </svg>
      </button>
    </div>
  </form>
</div>
`;
