// Jest Snapshot v1, https://goo.gl/fbAQLP

exports[`AppForm Component renders the UI as expected 1`] = `
<div
  className="appform_container"
>
  <h2
    className="appform_header"
  >
    New Job Application
  </h2>
  <h2
    className="error-boundary-heading"
  >
    Something went wrong, unable to display at this time.
  </h2>
</div>
`;
