// Jest Snapshot v1, https://goo.gl/fbAQLP

exports[`AppForm Component renders the UI as expected 1`] = `
<div
  className="appform_container"
>
  <h2
    className="appform_header"
  >
    New Job Application
  </h2>
  <form
    className="appform_form"
    onSubmit={[Function]}
  >
    <p>
      * Required
    </p>
    <section
      className="appform_input"
    >
      *
      <input
        aria-label="job title"
        className="input"
        defaultValue={null}
        name="job"
        onChange={[Function]}
        placeholder="Job Title"
        required={true}
        type="text"
      />
      
    </section>
    <section
      className="appform_input"
    >
      *
      <input
        aria-label="company name"
        className="input"
        defaultValue={null}
        name="company"
        onChange={[Function]}
        placeholder="Company Name"
        required={true}
        type="text"
      />
      
    </section>
    <section
      className="appform_input"
    >
      <input
        aria-label="website url"
        className="input"
        defaultValue={null}
        name="website"
        onChange={[Function]}
        placeholder="Website"
        type="url"
      />
      
    </section>
    <section
      className="appform_input"
    >
      <div
        className="react-datepicker-wrapper"
      >
        <div
          className="react-datepicker__input-container"
        >
          <input
            className=""
            disabled={false}
            onBlur={[Function]}
            onChange={[Function]}
            onClick={[Function]}
            onFocus={[Function]}
            onKeyDown={[Function]}
            placeholder="Select Date Applied"
            readOnly={false}
            type="text"
            value=""
          />
        </div>
      </div>
    </section>
    <section
      className="appform_input"
    >
      <input
        aria-label="contact name"
        className="input"
        defaultValue={null}
        name="contact"
        onChange={[Function]}
        placeholder="Contact Name"
        type="text"
      />
      
    </section>
    <section
      className="appform_input"
    >
      <input
        aria-label="contact email"
        className="input"
        defaultValue={null}
        name="contact_email"
        onChange={[Function]}
        placeholder="Contact Email"
        type="text"
      />
      
    </section>
    <section
      className="appform_input"
    >
      <input
        aria-label="contact phone"
        className="input"
        defaultValue={null}
        name="contact_phone"
        onChange={[Function]}
        placeholder="Contact Phone"
        type="text"
      />
      
    </section>
    <section
      className="appform_input"
    >
      <div
        className="react-datepicker-wrapper"
      >
        <div
          className="react-datepicker__input-container"
        >
          <input
            className=""
            disabled={false}
            onBlur={[Function]}
            onChange={[Function]}
            onClick={[Function]}
            onFocus={[Function]}
            onKeyDown={[Function]}
            placeholder="Select Interview Date"
            readOnly={false}
            type="text"
            value=""
          />
        </div>
      </div>
    </section>
    <section
      className="appform_input"
    >
      <label
        htmlFor="status"
      >
        * Status: 
      </label>
      <select
        defaultValue={null}
        id="status"
        onChange={[Function]}
        required={true}
      >
        <option
          aria-label="choose option"
          name="status"
          value=""
        >
          Choose here
        </option>
        <option
          aria-label="interested"
          name="status"
          value="Interested"
        >
          Interested
        </option>
        <option
          aria-label="applied"
          name="status"
          value="Applied"
        >
          Applied
        </option>
        <option
          aria-label="closed"
          name="status"
          value="Closed"
        >
          Closed
        </option>
      </select>
    </section>
    <section
      className="appform_input appform_textarea"
    >
      <textarea
        aria-label="additional notes"
        className="textarea"
        defaultValue={null}
        name="notes"
        onChange={[Function]}
        placeholder="Additional Notes..."
      />
      
    </section>
    <div
      className="squarebutton_content"
    >
      <button
        className="squarebutton"
        type="submit"
      >
        Save
      </button>
    </div>
  </form>
</div>
`;
