// Jest Snapshot v1, https://goo.gl/fbAQLP

exports[`NewResourceForm Component renders the UI as expected 1`] = `
<div
  className="resourceform_container"
>
  <h2
    className="resourceform_header"
  >
    New Resource
  </h2>
  <form
    className="resourceform_form"
  >
    <section
      className="resourceform_input"
    >
      <input
        placeholder="Resource Name"
      />
    </section>
    <section
      className="resourceform_input"
    >
      <input
        placeholder="Resource Link"
      />
    </section>
    <div>
      <a
        className="squarebutton_content"
        href="/resources"
        onClick={[Function]}
      >
        <button
          className="squarebutton"
        >
          +
        </button>
      </a>
    </div>
  </form>
</div>
`;
