// Jest Snapshot v1, https://goo.gl/fbAQLP

exports[`NewResourceForm Component renders the UI as expected 1`] = `
<div
  className="resourceform_container"
>
  <h2
    className="resourceform_header"
  >
    New Resource
  </h2>
  <form
    className="resourceform_form"
    onSubmit={[Function]}
  >
    <section
      className="resourceform_input"
    >
      <input
        aria-label="name"
        name="resource name"
        onChange={[Function]}
        placeholder="Resource Name"
        required={true}
        type="text"
      />
      
    </section>
    <section
      className="resourceform_input"
    >
      <input
        aria-label="resource url"
        name="url"
        onChange={[Function]}
        placeholder="Resource Link"
        required={true}
        type="url"
      />
      
    </section>
    <section
      className="resourceform_input"
    >
      <label
        htmlFor="type"
      >
        Type: 
      </label>
      <select
        id="type"
        onChange={[Function]}
        required={true}
      >
        <option
          aria-label="choose here"
          name="type"
          value=""
        >
          Choose here
        </option>
        <option
          aria-label="job resource"
          value="Job Resource"
        >
          Job Resource
        </option>
        <option
          aria-label="other resource"
          value="Other Resource"
        >
          Other Resource
        </option>
      </select>
    </section>
    <div
      className="squarebutton_content"
    >
      <button
        className="squarebutton"
        type="submit"
      >
        +
      </button>
    </div>
  </form>
</div>
`;
