// Jest Snapshot v1, https://goo.gl/fbAQLP

exports[`NavBar Component renders the UI as expected 1`] = `
<nav>
  <a
    aria-current={null}
    className="header_navlink"
    href="/jobapps"
    onClick={[Function]}
  >
    Summary
  </a>
  <a
    aria-current={null}
    className="header_navlink"
    href="/resources"
    onClick={[Function]}
  >
    Resources
  </a>
  <a
    aria-current={null}
    className="header_navlink"
    href="/login"
    onClick={[Function]}
  >
    Login
  </a>
</nav>
`;
