// Jest Snapshot v1, https://goo.gl/fbAQLP

exports[`TableItem Component renders the UI as expected 1`] = `
<div>
  <span>
    <a
      href="/jobapp/1"
      onClick={[Function]}
    />
  </span>
  <span>
    test
  </span>
  <span>
    test
  </span>
  <span>
    test
  </span>
  <span>
    test
  </span>
</div>
`;
