// Jest Snapshot v1, https://goo.gl/fbAQLP

exports[`TableItem Component renders the UI as expected 1`] = `
<tbody>
  <tr>
    <td
      data-title="Job"
    >
      <a
        href="/jobapps/1"
        onClick={[Function]}
      >
        test
      </a>
    </td>
    <td
      data-title="Company"
    >
      test
    </td>
    <td
      data-title="Date Applied"
    >
      03/08/2021
    </td>
    <td
      data-title="Interview Date"
    >
      03/08/2021
    </td>
    <td
      className="last_td"
      data-title="Status"
    >
      test
    </td>
  </tr>
</tbody>
`;
