// Jest Snapshot v1, https://goo.gl/fbAQLP

exports[`TableItem Component renders the UI as expected 1`] = `
<tbody>
  <tr>
    <td>
      <a
        href="/jobapps/1"
        onClick={[Function]}
      >
        test
      </a>
    </td>
    <td>
      test
    </td>
    <td>
      03/08/2021
    </td>
    <td>
      03/08/2021
    </td>
    <td
      className="last_td"
    >
      test
    </td>
  </tr>
</tbody>
`;
