// Jest Snapshot v1, https://goo.gl/fbAQLP

exports[`MainPage Component renders the UI as expected 1`] = `
Array [
  <div
    className="main_container"
  >
    <section
      className="section1"
    >
      <div
        className="section1_content"
      >
        <p
          className="quote"
        >
          "If one advances confidently in the direction of his dreams, and endeavors to live the life which he has imagined, he will meet with a success unexpected in common hours." ~ Henry David Thoreau
        </p>
      </div>
    </section>
    <section
      className="section2"
    >
      <h2
        className="main_header"
      >
        Job Applications
      </h2>
      <div
        className="section2_content"
      >
        <a
          className="add"
          href="/newapp"
          onClick={[Function]}
        >
          <div
            className="squarebutton_content"
          >
            <button
              className="squarebutton"
            >
              +
            </button>
          </div>
        </a>
        <div
          className="filter"
        >
          <label
            htmlFor="filter"
          >
            Filter By: 
          </label>
          <select
            id="filter"
            onChange={[Function]}
          >
            <option>
              All
            </option>
            <option>
              Interested
            </option>
            <option>
              Applied
            </option>
            <option>
              Closed
            </option>
          </select>
        </div>
      </div>
    </section>
  </div>,
  <section
    className="section3"
  >
    <div
      className="container"
    >
      <table
        className="responsive-table"
      >
        <thead>
          <tr>
            <th
              scope="col"
            >
              Job
            </th>
            <th
              scope="col"
            >
              Company
            </th>
            <th
              scope="col"
            >
              Date Applied
            </th>
            <th
              scope="col"
            >
              Interview Date
            </th>
            <th
              className="last_th"
              scope="col"
            >
              Status
            </th>
          </tr>
        </thead>
      </table>
    </div>
    <p
      className="no_applications"
    >
      Add a new job application to get started!
    </p>
  </section>,
]
`;
