// Jest Snapshot v1, https://goo.gl/fbAQLP

exports[`Header Component renders the UI as expected 1`] = `
<div
  className="header_container"
>
  <a
    className="header_navlink"
    href="/"
    onClick={[Function]}
  >
    <h1>
      apptrackr
    </h1>
  </a>
  <nav>
    <a
      aria-current={null}
      className="header_navlink"
      href="/login"
      onClick={[Function]}
    >
      Login
    </a>
  </nav>
</div>
`;
