// Jest Snapshot v1, https://goo.gl/fbAQLP

exports[`SignUpForm Component renders the UI as expected 1`] = `
<div
  className="signup_container"
>
  <form
    className="signup_form"
  >
    <h2>
      Sign Up Form
    </h2>
    <section
      className="signup_input"
    >
      <input
        placeholder="First Name"
        type="text"
      />
    </section>
    <section
      className="signup_input"
    >
      <input
        placeholder="Last Name"
        type="text"
      />
    </section>
    <section
      className="signup_input"
    >
      <input
        placeholder="Username"
        type="text"
      />
    </section>
    <section
      className="signup_input"
    >
      <input
        placeholder="Password"
        type="password"
      />
    </section>
    <a
      className="recbutton_content"
      href="/jobapps"
      onClick={[Function]}
    >
      <button
        className="recbutton"
      >
        Sign Up
      </button>
    </a>
  </form>
</div>
`;
