// Jest Snapshot v1, https://goo.gl/fbAQLP

exports[`SignUpForm Component renders the UI as expected 1`] = `
<div
  className="signup_container"
>
  <form
    className="signup_form"
    onSubmit={[Function]}
  >
    <h2>
      Sign Up
    </h2>
    <p>
      * Required
    </p>
    <section
      className="signup_section"
    >
      *
      <input
        aria-label="signup full name"
        autoComplete="off"
        className="signup_input"
        onChange={[Function]}
        placeholder="Full Name"
        required={true}
        type="text"
      />
      
    </section>
    <section
      className="signup_section"
    >
      *
      <input
        aria-label="signup username"
        autoComplete="off"
        className="signup_input"
        onChange={[Function]}
        placeholder="Username"
        required={true}
        type="text"
      />
      
    </section>
    <section
      className="signup_section"
    >
      *
      <input
        aria-label="signup password"
        autoComplete="off"
        className="signup_input"
        onChange={[Function]}
        placeholder="Password"
        required={true}
        type="password"
      />
      <p
        className="password_reqs"
      >
        * 
        &gt;
         8 characters
      </p>
      <p
        className="password_reqs"
      >
        * at least 1 upper case
      </p>
      <p
        className="password_reqs"
      >
        * at least 1 upper case
      </p>
      <p
        className="password_reqs"
      >
        * at least 1 lower case
      </p>
      <p
        className="password_reqs"
      >
        * at least 1 number
      </p>
      <p
        className="password_reqs"
      >
        * at least 1 special character
      </p>
      
    </section>
    <div
      className="recbutton_content"
    >
      <button
        className="recbutton"
        type="submit"
      >
        Sign Up
      </button>
    </div>
  </form>
</div>
`;
