// Jest Snapshot v1, https://goo.gl/fbAQLP

exports[`SignUpForm Component renders the UI as expected 1`] = `
<div
  className="signup_container"
>
  <form
    className="signup_form"
    onSubmit={[Function]}
  >
    <h2>
      Sign Up Form
    </h2>
    <p>
      * Required
    </p>
    <section
      className="signup_input"
    >
      *
      <input
        autoComplete="off"
        onChange={[Function]}
        placeholder="Full Name"
        required={true}
        type="text"
      />
      
    </section>
    <section
      className="signup_input"
    >
      *
      <input
        autoComplete="off"
        onChange={[Function]}
        placeholder="Username"
        required={true}
        type="text"
      />
      
    </section>
    <section
      className="signup_input"
    >
      <p>
        * Must be 
        &gt;
         8 characters and contain at least 1 upper case, 1 lower case, 1 number, and 1 special character.
      </p>
      <input
        autoComplete="off"
        onChange={[Function]}
        placeholder="Password"
        required={true}
        type="password"
      />
      
    </section>
    <div
      className="recbutton_content"
    >
      <button
        className="recbutton"
        type="submit"
      >
        Sign Up
      </button>
    </div>
  </form>
</div>
`;
