// Jest Snapshot v1, https://goo.gl/fbAQLP

exports[`ResourcesList Component renders the UI as expected 1`] = `
<div>
  <section
    className="resources_section1"
  >
    <div
      className="resources_section1_content"
    >
      <h2>
        Job Postings
      </h2>
      <ul />
      <p>
        Add a resource to get started!
      </p>
      <a
        aria-current={null}
        className="resource_add_button"
        href="/newresource"
        onClick={[Function]}
      >
        <div
          className="squarebutton_content"
        >
          <button
            className="squarebutton"
          >
            +
          </button>
        </div>
      </a>
    </div>
  </section>
  <hr />
  <section
    className="resources_section2"
  >
    <div
      className="resources_section2_content"
    >
      <h2>
        Resume & Other Resources
      </h2>
      <ul />
      <p>
        Add a resource to get started!
      </p>
      <a
        aria-current={null}
        className="resource_add_button"
        href="/newresource"
        onClick={[Function]}
      >
        <div
          className="squarebutton_content"
        >
          <button
            className="squarebutton"
          >
            +
          </button>
        </div>
      </a>
    </div>
  </section>
</div>
`;
