// Jest Snapshot v1, https://goo.gl/fbAQLP

exports[`ResourcesList Component renders the UI as expected 1`] = `
<div>
  <section>
    <div>
      <h2>
        Job Boards
      </h2>
      <ul>
        <div>
          <li>
            <a
              href="https://www.indeed.com/"
              rel="noreferrer"
              target="_blank"
            >
              Indeed
            </a>
          </li>
          <div>
            <a
              href="/resources"
              onClick={[Function]}
            >
              <button>
                x
              </button>
            </a>
          </div>
        </div>
        <div>
          <li>
            <a
              href="https://www.linkedin.com/jobs/?trk=li_sem_namer_careers_jobsgtm_Careers_NAMER_T1_USCA_Search_Google-Brand_DR-PRS_Multiple_Brand-LinkedIn-Jobs-Exact_Desktop_English_Core_network=g_campaign=11602008719_keyword=linkedin%20jobs&src=go-pa&veh=Careers_NAMER_T1_USCA_Search_Google-Brand_DR-PRS_Multiple_Brand-LinkedIn-Jobs-Exact_Desktop_English_Core_479259659412_linkedin%20jobs_c__kwd-1528692947_11602008719&mcid=&cname=Careers_NAMER_T1_USCA_Search_Google-Brand_DR-PRS_Multiple_Brand-LinkedIn-Jobs-Exact_Desktop_English_Core&camid=11602008719&asid=113158397036&keyword=linkedin%20jobs&targetid=kwd-1528692947&crid=479259659412&placement=&dev=c&gclid=Cj0KCQiA7NKBBhDBARIsAHbXCB7OLVWs8pYmpW31PIvUl-AppU9qdI8QLsUKJMSsiLifTs41no_v3aYaAhwZEALw_wcB"
              rel="noreferrer"
              target="_blank"
            >
              LinkedIn
            </a>
          </li>
          <div>
            <a
              href="/resources"
              onClick={[Function]}
            >
              <button>
                x
              </button>
            </a>
          </div>
        </div>
        <div>
          <li>
            <a
              href="https://apprentice.at/"
              rel="noreferrer"
              target="_blank"
            >
              Apprentice.at
            </a>
          </li>
          <div>
            <a
              href="/resources"
              onClick={[Function]}
            >
              <button>
                x
              </button>
            </a>
          </div>
        </div>
      </ul>
      <div>
        <a
          href="/newresource"
          onClick={[Function]}
        >
          <button>
            +
          </button>
        </a>
      </div>
    </div>
  </section>
  <hr />
  <section>
    <div>
      <h2>
        Resume & Cover Letter Resources
      </h2>
      <ul>
        <div>
          <li>
            <a
              href="https://resumekraft.com/wp-content/uploads/2019/12/teacher-resume-example.jpg"
              rel="noreferrer"
              target="_blank"
            >
              Resume
            </a>
          </li>
          <div>
            <a
              href="/resources"
              onClick={[Function]}
            >
              <button>
                x
              </button>
            </a>
          </div>
        </div>
        <div>
          <li>
            <a
              href="https://www.thebalancecareers.com/thmb/IC37LV1es8xHWzy2TdJi5sFvIbg=/1650x1275/filters:no_upscale():max_bytes(150000):strip_icc()/The_Balance_Cover_2060250Aug-edddc2451f264a6eb1c94cf627cb77ff.jpg"
              rel="noreferrer"
              target="_blank"
            >
              Cover Letter
            </a>
          </li>
          <div>
            <a
              href="/resources"
              onClick={[Function]}
            >
              <button>
                x
              </button>
            </a>
          </div>
        </div>
        <div>
          <li>
            <a
              href="https://skillsyncer.com/"
              rel="noreferrer"
              target="_blank"
            >
              Resume Optimizer
            </a>
          </li>
          <div>
            <a
              href="/resources"
              onClick={[Function]}
            >
              <button>
                x
              </button>
            </a>
          </div>
        </div>
      </ul>
      <div>
        <a
          href="/newresource"
          onClick={[Function]}
        >
          <button>
            +
          </button>
        </a>
      </div>
    </div>
  </section>
</div>
`;
