// Jest Snapshot v1, https://goo.gl/fbAQLP

exports[`App Component renders the UI as expected 1`] = `
<div
  className="App"
>
  <div
    className="header_container"
  >
    <a
      className="header_navlink"
      href="/"
      onClick={[Function]}
    >
      <h1>
        apptrackr
      </h1>
    </a>
    <nav>
      <a
        aria-current={null}
        className="header_navlink"
        href="/jobapps"
        onClick={[Function]}
      >
        Summary
      </a>
      <a
        aria-current={null}
        className="header_navlink"
        href="/resources"
        onClick={[Function]}
      >
        Resources
      </a>
      <a
        aria-current={null}
        className="header_navlink"
        href="/login"
        onClick={[Function]}
      >
        Login
      </a>
    </nav>
  </div>
  <div>
    <section
      className="landing_section1"
    >
      <div
        className="landing_section1_content"
      >
        <div
          className="landing"
        >
          <ul
            className="landing_list"
          >
            <li>
              Organize job applications!
            </li>
            <li>
              Create notes for specific applications!
            </li>
            <li>
              Save frequented resources for convenient access!
            </li>
            <li>
              Streamline the job search process!
            </li>
          </ul>
        </div>
        <img
          alt="img of an example table"
          className="landing-img"
          src="data:image/png;base64,iVBORw0KGgoAAAANSUhEUgAAAQQAAADCCAMAAACYEEwlAAAAA1BMVEXb29tVa/CDAAAASElEQVR4nO3BMQEAAADCoPVPbQhfoAAAAAAAAAAAAAAAAAAAAAAAAAAAAAAAAAAAAAAAAAAAAAAAAAAAAAAAAAAAAAAAAABeA8XKAAFZcBBuAAAAAElFTkSuQmCC"
        />
      </div>
    </section>
    <section
      className="landing_section2"
    >
      <div
        className="landing_section2_content"
      >
        <img
          alt="img of resources page"
          className="landing-img"
          src="data:image/png;base64,iVBORw0KGgoAAAANSUhEUgAAARYAAAC1CAMAAACtbCCJAAAACVBMVEVjY2NeXl65ubnV9x57AAAATUlEQVR4nO3BMQEAAAgDoGn/0BZYAA8gAQAAAAAAAAAAAAAAAAAAAAAAAAAAAAAAAAAAAAAAAAAAAAAAAAAAAAAAAAAAAAAA4J+hyFIcuuEDQ5L8dNwAAAAASUVORK5CYII="
        />
        <p>
          Sign in with these credentials to take a peak!
        </p>
        <p>
          Username: username
        </p>
        <p>
          Password: password
        </p>
      </div>
    </section>
  </div>
</div>
`;
