// Jest Snapshot v1, https://goo.gl/fbAQLP

exports[`Table Component renders the UI as expected 1`] = `
<div
  className="container"
>
  <table
    className="responsive-table"
  >
    <thead>
      <tr>
        <th
          scope="col"
        >
          Job
        </th>
        <th
          scope="col"
        >
          Company
        </th>
        <th
          scope="col"
        >
          Date Applied
        </th>
        <th
          scope="col"
        >
          Interview Date
        </th>
        <th
          className="last_th"
          scope="col"
        >
          Status
        </th>
      </tr>
    </thead>
  </table>
</div>
`;
